<html>
<body>
<pre>
<h1>µVision Build Log</h1>
<h2>Tool Versions:</h2>
IDE-Version: µVision V5.38.0.0
Copyright (C) 2022 ARM Ltd and ARM Germany GmbH. All rights reserved.
License Information: Arda Ünver, METU, LIC=----
 
Tool Versions:
Toolchain:       MDK-Lite  Version: 5.38.0.0
Toolchain Path:  C:\Keil_v5\ARM\ARMCLANG\Bin
C Compiler:      ArmClang.exe V6.19
Assembler:       Armasm.exe V6.19
Linker/Locator:  ArmLink.exe V6.19
Library Manager: ArmAr.exe V6.19
Hex Converter:   FromElf.exe V6.19
CPU DLL:         SARMCM3.DLL V5.38.0.0
Dialog DLL:      DCM.DLL V1.17.5.0
Target DLL:      lmidk-agdi.dll V???
Dialog DLL:      TCM.DLL V1.56.4.0
 
<h2>Project:</h2>
E:\exp4\Q2\Q2.uvprojx
Project File Date:  12/03/2023

<h2>Output:</h2>
*** Using Compiler 'V6.19', folder: 'C:\Keil_v5\ARM\ARMCLANG\Bin'
Build target 'Target 1'
main.c(1): warning: In file included from...
C:/Users/MMRG/AppData/Local/Arm/Packs/Keil/TM4C_DFP/1.1.0/Device/Include/TM4C123\TM4C123GH6PM.h(298): warning: anonymous unions are a C11 extension [-Wc11-extensions]
  union {
  ^
C:/Users/MMRG/AppData/Local/Arm/Packs/Keil/TM4C_DFP/1.1.0/Device/Include/TM4C123\TM4C123GH6PM.h(338): warning: anonymous unions are a C11 extension [-Wc11-extensions]
  union {
  ^
C:/Users/MMRG/AppData/Local/Arm/Packs/Keil/TM4C_DFP/1.1.0/Device/Include/TM4C123\TM4C123GH6PM.h(357): warning: anonymous unions are a C11 extension [-Wc11-extensions]
  union {
  ^
C:/Users/MMRG/AppData/Local/Arm/Packs/Keil/TM4C_DFP/1.1.0/Device/Include/TM4C123\TM4C123GH6PM.h(713): warning: anonymous unions are a C11 extension [-Wc11-extensions]
  union {
  ^
C:/Users/MMRG/AppData/Local/Arm/Packs/Keil/TM4C_DFP/1.1.0/Device/Include/TM4C123\TM4C123GH6PM.h(729): warning: anonymous unions are a C11 extension [-Wc11-extensions]
  union {
  ^
C:/Users/MMRG/AppData/Local/Arm/Packs/Keil/TM4C_DFP/1.1.0/Device/Include/TM4C123\TM4C123GH6PM.h(774): warning: anonymous unions are a C11 extension [-Wc11-extensions]
  union {
  ^
C:/Users/MMRG/AppData/Local/Arm/Packs/Keil/TM4C_DFP/1.1.0/Device/Include/TM4C123\TM4C123GH6PM.h(779): warning: anonymous unions are a C11 extension [-Wc11-extensions]
  union {
  ^
C:/Users/MMRG/AppData/Local/Arm/Packs/Keil/TM4C_DFP/1.1.0/Device/Include/TM4C123\TM4C123GH6PM.h(872): warning: anonymous unions are a C11 extension [-Wc11-extensions]
  union {
  ^
C:/Users/MMRG/AppData/Local/Arm/Packs/Keil/TM4C_DFP/1.1.0/Device/Include/TM4C123\TM4C123GH6PM.h(885): warning: anonymous unions are a C11 extension [-Wc11-extensions]
  union {
  ^
C:/Users/MMRG/AppData/Local/Arm/Packs/Keil/TM4C_DFP/1.1.0/Device/Include/TM4C123\TM4C123GH6PM.h(892): warning: anonymous unions are a C11 extension [-Wc11-extensions]
  union {
  ^
C:/Users/MMRG/AppData/Local/Arm/Packs/Keil/TM4C_DFP/1.1.0/Device/Include/TM4C123\TM4C123GH6PM.h(897): warning: anonymous unions are a C11 extension [-Wc11-extensions]
  union {
  ^
C:/Users/MMRG/AppData/Local/Arm/Packs/Keil/TM4C_DFP/1.1.0/Device/Include/TM4C123\TM4C123GH6PM.h(904): warning: anonymous unions are a C11 extension [-Wc11-extensions]
  union {
  ^
C:/Users/MMRG/AppData/Local/Arm/Packs/Keil/TM4C_DFP/1.1.0/Device/Include/TM4C123\TM4C123GH6PM.h(910): warning: anonymous unions are a C11 extension [-Wc11-extensions]
  union {
  ^
C:/Users/MMRG/AppData/Local/Arm/Packs/Keil/TM4C_DFP/1.1.0/Device/Include/TM4C123\TM4C123GH6PM.h(917): warning: anonymous unions are a C11 extension [-Wc11-extensions]
  union {
  ^
C:/Users/MMRG/AppData/Local/Arm/Packs/Keil/TM4C_DFP/1.1.0/Device/Include/TM4C123\TM4C123GH6PM.h(924): warning: anonymous unions are a C11 extension [-Wc11-extensions]
  union {
  ^
C:/Users/MMRG/AppData/Local/Arm/Packs/Keil/TM4C_DFP/1.1.0/Device/Include/TM4C123\TM4C123GH6PM.h(929): warning: anonymous unions are a C11 extension [-Wc11-extensions]
  union {
  ^
C:/Users/MMRG/AppData/Local/Arm/Packs/Keil/TM4C_DFP/1.1.0/Device/Include/TM4C123\TM4C123GH6PM.h(936): warning: anonymous unions are a C11 extension [-Wc11-extensions]
  union {
  ^
C:/Users/MMRG/AppData/Local/Arm/Packs/Keil/TM4C_DFP/1.1.0/Device/Include/TM4C123\TM4C123GH6PM.h(942): warning: anonymous unions are a C11 extension [-Wc11-extensions]
  union {
  ^
C:/Users/MMRG/AppData/Local/Arm/Packs/Keil/TM4C_DFP/1.1.0/Device/Include/TM4C123\TM4C123GH6PM.h(949): warning: anonymous unions are a C11 extension [-Wc11-extensions]
  union {
  ^
C:/Users/MMRG/AppData/Local/Arm/Packs/Keil/TM4C_DFP/1.1.0/Device/Include/TM4C123\TM4C123GH6PM.h(956): warning: anonymous unions are a C11 extension [-Wc11-extensions]
  union {
  ^
C:/Users/MMRG/AppData/Local/Arm/Packs/Keil/TM4C_DFP/1.1.0/Device/Include/TM4C123\TM4C123GH6PM.h(961): warning: anonymous unions are a C11 extension [-Wc11-extensions]
  union {
  ^
C:/Users/MMRG/AppData/Local/Arm/Packs/Keil/TM4C_DFP/1.1.0/Device/Include/TM4C123\TM4C123GH6PM.h(968): warning: anonymous unions are a C11 extension [-Wc11-extensions]
  union {
  ^
C:/Users/MMRG/AppData/Local/Arm/Packs/Keil/TM4C_DFP/1.1.0/Device/Include/TM4C123\TM4C123GH6PM.h(974): warning: anonymous unions are a C11 extension [-Wc11-extensions]
  union {
  ^
C:/Users/MMRG/AppData/Local/Arm/Packs/Keil/TM4C_DFP/1.1.0/Device/Include/TM4C123\TM4C123GH6PM.h(981): warning: anonymous unions are a C11 extension [-Wc11-extensions]
  union {
  ^
C:/Users/MMRG/AppData/Local/Arm/Packs/Keil/TM4C_DFP/1.1.0/Device/Include/TM4C123\TM4C123GH6PM.h(988): warning: anonymous unions are a C11 extension [-Wc11-extensions]
  union {
  ^
C:/Users/MMRG/AppData/Local/Arm/Packs/Keil/TM4C_DFP/1.1.0/Device/Include/TM4C123\TM4C123GH6PM.h(993): warning: anonymous unions are a C11 extension [-Wc11-extensions]
  union {
  ^
C:/Users/MMRG/AppData/Local/Arm/Packs/Keil/TM4C_DFP/1.1.0/Device/Include/TM4C123\TM4C123GH6PM.h(1000): warning: anonymous unions are a C11 extension [-Wc11-extensions]
  union {
  ^
C:/Users/MMRG/AppData/Local/Arm/Packs/Keil/TM4C_DFP/1.1.0/Device/Include/TM4C123\TM4C123GH6PM.h(1006): warning: anonymous unions are a C11 extension [-Wc11-extensions]
  union {
  ^
C:/Users/MMRG/AppData/Local/Arm/Packs/Keil/TM4C_DFP/1.1.0/Device/Include/TM4C123\TM4C123GH6PM.h(1013): warning: anonymous unions are a C11 extension [-Wc11-extensions]
  union {
  ^
C:/Users/MMRG/AppData/Local/Arm/Packs/Keil/TM4C_DFP/1.1.0/Device/Include/TM4C123\TM4C123GH6PM.h(1020): warning: anonymous unions are a C11 extension [-Wc11-extensions]
  union {
  ^
C:/Users/MMRG/AppData/Local/Arm/Packs/Keil/TM4C_DFP/1.1.0/Device/Include/TM4C123\TM4C123GH6PM.h(1025): warning: anonymous unions are a C11 extension [-Wc11-extensions]
  union {
  ^
C:/Users/MMRG/AppData/Local/Arm/Packs/Keil/TM4C_DFP/1.1.0/Device/Include/TM4C123\TM4C123GH6PM.h(1032): warning: anonymous unions are a C11 extension [-Wc11-extensions]
  union {
  ^
C:/Users/MMRG/AppData/Local/Arm/Packs/Keil/TM4C_DFP/1.1.0/Device/Include/TM4C123\TM4C123GH6PM.h(1038): warning: anonymous unions are a C11 extension [-Wc11-extensions]
  union {
  ^
C:/Users/MMRG/AppData/Local/Arm/Packs/Keil/TM4C_DFP/1.1.0/Device/Include/TM4C123\TM4C123GH6PM.h(1045): warning: anonymous unions are a C11 extension [-Wc11-extensions]
  union {
  ^
C:/Users/MMRG/AppData/Local/Arm/Packs/Keil/TM4C_DFP/1.1.0/Device/Include/TM4C123\TM4C123GH6PM.h(1052): warning: anonymous unions are a C11 extension [-Wc11-extensions]
  union {
  ^
C:/Users/MMRG/AppData/Local/Arm/Packs/Keil/TM4C_DFP/1.1.0/Device/Include/TM4C123\TM4C123GH6PM.h(1057): warning: anonymous unions are a C11 extension [-Wc11-extensions]
  union {
  ^
C:/Users/MMRG/AppData/Local/Arm/Packs/Keil/TM4C_DFP/1.1.0/Device/Include/TM4C123\TM4C123GH6PM.h(1064): warning: anonymous unions are a C11 extension [-Wc11-extensions]
  union {
  ^
C:/Users/MMRG/AppData/Local/Arm/Packs/Keil/TM4C_DFP/1.1.0/Device/Include/TM4C123\TM4C123GH6PM.h(1070): warning: anonymous unions are a C11 extension [-Wc11-extensions]
  union {
  ^
C:/Users/MMRG/AppData/Local/Arm/Packs/Keil/TM4C_DFP/1.1.0/Device/Include/TM4C123\TM4C123GH6PM.h(1077): warning: anonymous unions are a C11 extension [-Wc11-extensions]
  union {
  ^
C:/Users/MMRG/AppData/Local/Arm/Packs/Keil/TM4C_DFP/1.1.0/Device/Include/TM4C123\TM4C123GH6PM.h(1084): warning: anonymous unions are a C11 extension [-Wc11-extensions]
  union {
  ^
C:/Users/MMRG/AppData/Local/Arm/Packs/Keil/TM4C_DFP/1.1.0/Device/Include/TM4C123\TM4C123GH6PM.h(1089): warning: anonymous unions are a C11 extension [-Wc11-extensions]
  union {
  ^
C:/Users/MMRG/AppData/Local/Arm/Packs/Keil/TM4C_DFP/1.1.0/Device/Include/TM4C123\TM4C123GH6PM.h(1096): warning: anonymous unions are a C11 extension [-Wc11-extensions]
  union {
  ^
C:/Users/MMRG/AppData/Local/Arm/Packs/Keil/TM4C_DFP/1.1.0/Device/Include/TM4C123\TM4C123GH6PM.h(1102): warning: anonymous unions are a C11 extension [-Wc11-extensions]
  union {
  ^
C:/Users/MMRG/AppData/Local/Arm/Packs/Keil/TM4C_DFP/1.1.0/Device/Include/TM4C123\TM4C123GH6PM.h(1251): warning: anonymous unions are a C11 extension [-Wc11-extensions]
  union {
  ^
main.c(2): warning: In file included from...
./pulse_init.h(11): warning: // comments are not allowed in this language [-Wcomment]
#define LOW     0x0000005A              // 90 in HEX (3x)
                                        ^
main.c(3): warning: In file included from...
./read_init.h(7): warning: // comments are not allowed in this language [-Wcomment]
        // Timer3 is used. Pin Mux / Pin Assignment is PB2 !!!
        ^
./read_init.h(25): warning: implicit conversion changes signedness: 'int' to 'unsigned int' [-Wsign-conversion]
        GPIOB->PCTL                             &=  ~(0x00000F00); 
                                                ~~  ^~~~~~~~~~~~~
./read_init.h(74): warning: implicit conversion loses integer precision: 'int' to 'char' [-Wimplicit-int-conversion]
        arr[idx2++] = num / digit + 48;
                    ~ ~~~~~~~~~~~~^~~~
./read_init.h(84): warning: no newline at end of file [-Wnewline-eof]
}
 ^
main.c(10): warning: // comments are not allowed in this language [-Wcomment]
// Variable Decleration and Initialization
^
main.c(11): warning: no previous extern declaration for non-static variable 'duty_cycle' [-Wmissing-variable-declarations]
int duty_cycle  = 0;
    ^
main.c(11): note: declare 'static' if the variable is not intended to be used outside of this translation unit
int duty_cycle  = 0;
^
main.c(12): warning: no previous extern declaration for non-static variable 'pulse_width' [-Wmissing-variable-declarations]
int pulse_width = 0;
    ^
main.c(12): note: declare 'static' if the variable is not intended to be used outside of this translation unit
int pulse_width = 0;
^
main.c(13): warning: no previous extern declaration for non-static variable 'period' [-Wmissing-variable-declarations]
int period                      = 0;
    ^
main.c(13): note: declare 'static' if the variable is not intended to be used outside of this translation unit
int period                      = 0;
^
main.c(14): warning: no previous extern declaration for non-static variable 'edge_count' [-Wmissing-variable-declarations]
int edge_count  = 0;
    ^
main.c(14): note: declare 'static' if the variable is not intended to be used outside of this translation unit
int edge_count  = 0;
^
main.c(15): warning: no previous extern declaration for non-static variable 'edge_one' [-Wmissing-variable-declarations]
int edge_one    = 0;
    ^
main.c(15): note: declare 'static' if the variable is not intended to be used outside of this translation unit
int edge_one    = 0;
^
main.c(16): warning: no previous extern declaration for non-static variable 'edge_two' [-Wmissing-variable-declarations]
int edge_two    = 0;
    ^
main.c(16): note: declare 'static' if the variable is not intended to be used outside of this translation unit
int edge_two    = 0;
^
main.c(17): warning: no previous extern declaration for non-static variable 'edge_three' [-Wmissing-variable-declarations]
int edge_three  = 0;
    ^
main.c(17): note: declare 'static' if the variable is not intended to be used outside of this translation unit
int edge_three  = 0;
^
main.c(22): warning: no previous extern declaration for non-static variable 'edge_one_display' [-Wmissing-variable-declarations]
char edge_one_display[]         = "The Edge One:                                                                                                \r\4";                          // 1st Rising
     ^
main.c(22): note: declare 'static' if the variable is not intended to be used outside of this translation unit
char edge_one_display[]         = "The Edge One:                                                                                                \r\4";                          // 1st Rising
^
main.c(23): warning: no previous extern declaration for non-static variable 'edge_two_display' [-Wmissing-variable-declarations]
char edge_two_display[]         = "The Edge Two:                                                                                        \r\4";                    // 1st Falling
     ^
main.c(23): note: declare 'static' if the variable is not intended to be used outside of this translation unit
char edge_two_display[]         = "The Edge Two:                                                                                        \r\4";                    // 1st Falling
^
main.c(24): warning: no previous extern declaration for non-static variable 'edge_three_display' [-Wmissing-variable-declarations]
char edge_three_display[]       = "The Edge Three:                                                                                      \r\4";                          // 2nd Rising
     ^
main.c(24): note: declare 'static' if the variable is not intended to be used outside of this translation unit
char edge_three_display[]       = "The Edge Three:                                                                                      \r\4";                          // 2nd Rising
^
main.c(25): warning: no previous extern declaration for non-static variable 'line_display' [-Wmissing-variable-declarations]
char line_display[]                             = "----------------------                                                               \r\4";                                                                                                          // Line 
     ^
main.c(25): note: declare 'static' if the variable is not intended to be used outside of this translation unit
char line_display[]                             = "----------------------                                                               \r\4";                                                                                                          // Line 
^
main.c(26): warning: no previous extern declaration for non-static variable 'duty_cycle_display' [-Wmissing-variable-declarations]
char duty_cycle_display[]       = "The Duty Cycle(%):                                                                   \r\4";                          // Duty Cycle in %
     ^
main.c(26): note: declare 'static' if the variable is not intended to be used outside of this translation unit
char duty_cycle_display[]       = "The Duty Cycle(%):                                                                   \r\4";                          // Duty Cycle in %
^
main.c(27): warning: no previous extern declaration for non-static variable 'period_display' [-Wmissing-variable-declarations]
char period_display[]                   = "The Period (microseconds):                                   \r\4";                          // Period in microseconds
     ^
main.c(27): note: declare 'static' if the variable is not intended to be used outside of this translation unit
char period_display[]                   = "The Period (microseconds):                                   \r\4";                          // Period in microseconds
^
main.c(28): warning: no previous extern declaration for non-static variable 'pulse_width_display' [-Wmissing-variable-declarations]
char pulse_width_display[]      = "The Pulse Width (microseconds):                      \r\4";                          // Pulse Width in microseconds
     ^
main.c(28): note: declare 'static' if the variable is not intended to be used outside of this translation unit
char pulse_width_display[]      = "The Pulse Width (microseconds):                      \r\4";                          // Pulse Width in microseconds
^
main.c(30): warning: a function declaration without a prototype is deprecated in all versions of C [-Wstrict-prototypes]
int main()
        ^
         void
main.c(45): warning: implicit conversion changes signedness: 'volatile uint32_t' (aka 'volatile unsigned int') to 'int' [-Wsign-conversion]
                                        edge_one = TIMER3->TAR;
                                                 ~ ~~~~~~~~^~~
main.c(52): warning: implicit conversion changes signedness: 'volatile uint32_t' (aka 'volatile unsigned int') to 'int' [-Wsign-conversion]
                                        edge_two = TIMER3->TAR;
                                                 ~ ~~~~~~~~^~~
main.c(59): warning: implicit conversion changes signedness: 'volatile uint32_t' (aka 'volatile unsigned int') to 'int' [-Wsign-conversion]
                                        edge_three = TIMER3->TAR;
                                                   ~ ~~~~~~~~^~~
main.c(40): warning: while loop has empty body [-Wempty-body]
                        while(TIMER3->RIS != 0x04);
                                                  ^
main.c(40): note: put the semicolon on a separate line to silence this warning
main.c(19): warning: no previous extern declaration for non-static variable 'array' [-Wmissing-variable-declarations]
char array[32];                 
     ^
main.c(19): note: declare 'static' if the variable is not intended to be used outside of this translation unit
char array[32];                 
^
70 warnings generated.
compiling main.c...
linking...
Program Size: Code=2160 RO-data=652 RW-data=228 ZI-data=672  
".\Objects\Q2.axf" - 0 Error(s), 70 Warning(s).

<h2>Software Packages used:</h2>

Package Vendor: ARM
                http://www.keil.com/pack/ARM.CMSIS.5.9.0.pack
                ARM.CMSIS.5.9.0
                CMSIS (Common Microcontroller Software Interface Standard)
   * Component: CORE Version: 5.6.0

Package Vendor: Keil
                http://www.keil.com/pack/Keil.TM4C_DFP.1.1.0.pack
                Keil.TM4C_DFP.1.1.0
                Texas Instruments Tiva C Series Device Support and Examples
   * Component: Startup Version: 1.0.1

<h2>Collection of Component include folders:</h2>
  ./RTE/_Target_1
  C:/Users/MMRG/AppData/Local/Arm/Packs/ARM/CMSIS/5.9.0/CMSIS/Core/Include
  C:/Users/MMRG/AppData/Local/Arm/Packs/Keil/TM4C_DFP/1.1.0/Device/Include/TM4C123

<h2>Collection of Component Files used:</h2>

   * Component: ARM::CMSIS:CORE:5.6.0

   * Component: Keil::Device:Startup:1.0.1
      Source file:   Device/Source/system_TM4C123.c
      Include file:  Device/Include/TM4C123/TM4C123.h
      Source file:   Device/Source/ARM/startup_TM4C123.s
Build Time Elapsed:  00:00:01
</pre>
</body>
</html>
